   Γû▓ Next.js 15.5.12

   Creating an optimized production build ...
node.exe : Failed to 
compile.
At line:1 char:1
+ & "C:\Program Files
\nodejs/node.exe" "C:
\Users\USER\AppData\R
oaming\n ...
+ ~~~~~~~~~~~~~~~~~~~
~~~~~~~~~~~~~~~~~~~~~
~~~~~~~~~~~~~~~~~~~~~
~~~~~~~~
    + CategoryInfo   
           : NotSpe  
  cified: (Failed    
 to compile.:Stri    
ng) [], RemoteEx    
ception
    + FullyQualified 
   ErrorId : Native  
  CommandError
 

./src/providers/React
QueryProvider.tsx
Module not found: 
Can't resolve '@/serv
ice/query/useAuth'

https://nextjs.org/do
cs/messages/module-no
t-found

./src/providers/React
QueryProvider.tsx
Module not found: 
Can't resolve 
'@/store/auth.store'

https://nextjs.org/do
cs/messages/module-no
t-found

./src/providers/React
QueryProvider.tsx
Module not found: 
Can't resolve '@/serv
ice/query/useMeta'

https://nextjs.org/do
cs/messages/module-no
t-found


> Build failed 
because of webpack 
errors
